Copyright 1986-2017 Xilinx, Inc. All Rights Reserved.
------------------------------------------------------------------------------------
| Tool Version : Vivado v.2017.4 (win64) Build 2086221 Fri Dec 15 20:55:39 MST 2017
| Date         : Tue May 30 00:45:53 2023
| Host         : LAPTOP-QCCN7SPL running 64-bit major release  (build 9200)
| Command      : report_control_sets -verbose -file board_control_sets_placed.rpt
| Design       : board
| Device       : xc7a35t
------------------------------------------------------------------------------------

Control Set Information

Table of Contents
-----------------
1. Summary
2. Flip-Flop Distribution
3. Detailed Control Set Information

1. Summary
----------

+----------------------------------------------------------+-------+
|                          Status                          | Count |
+----------------------------------------------------------+-------+
| Number of unique control sets                            |   251 |
| Unused register locations in slices containing registers |  1370 |
+----------------------------------------------------------+-------+


2. Flip-Flop Distribution
-------------------------

+--------------+-----------------------+------------------------+-----------------+--------------+
| Clock Enable | Synchronous Set/Reset | Asynchronous Set/Reset | Total Registers | Total Slices |
+--------------+-----------------------+------------------------+-----------------+--------------+
| No           | No                    | No                     |              62 |           34 |
| No           | No                    | Yes                    |             105 |          100 |
| No           | Yes                   | No                     |             134 |           83 |
| Yes          | No                    | No                     |             109 |           57 |
| Yes          | No                    | Yes                    |             280 |          114 |
| Yes          | Yes                   | No                     |            1236 |          516 |
+--------------+-----------------------+------------------------+-----------------+--------------+


3. Detailed Control Set Information
-----------------------------------

+----------------------------------------------+-----------------------------------------------------------------------------------------------------------------+--------------------------------------------------------------------------------------------------------------------------+------------------+----------------+
|                 Clock Signal                 |                                                  Enable Signal                                                  |                                                     Set/Reset Signal                                                     | Slice Load Count | Bel Load Count |
+----------------------------------------------+-----------------------------------------------------------------------------------------------------------------+--------------------------------------------------------------------------------------------------------------------------+------------------+----------------+
|  regs/number_reg[25]_P                       |                                                                                                                 | regs/number_reg[25]_C                                                                                                    |                1 |              1 |
|  regs/number_reg[14]_P                       |                                                                                                                 | regs/number_reg[14]_C                                                                                                    |                1 |              1 |
|  regs/number_reg[12]_P                       |                                                                                                                 | regs/number_reg[12]_C                                                                                                    |                1 |              1 |
|  regs/number_reg[10]_P                       |                                                                                                                 | regs/number_reg[10]_C                                                                                                    |                1 |              1 |
|  regs/number_reg[19]_P                       |                                                                                                                 | regs/number_reg[19]_C                                                                                                    |                1 |              1 |
|  regs/number_reg[15]_P                       |                                                                                                                 | regs/number_reg[15]_C                                                                                                    |                1 |              1 |
|  regs/number_reg[16]_P                       |                                                                                                                 | regs/number_reg[16]_C                                                                                                    |                1 |              1 |
|  regs/number_reg[23]_P                       |                                                                                                                 | regs/number_reg[23]_C                                                                                                    |                1 |              1 |
| ~regs/multiplier_reg[0]_P_0                  |                                                                                                                 | sys/read_pad/multiplier_reg[0]_LDC_i_2_n_0                                                                               |                1 |              1 |
|  regs/number_reg[13]_P                       |                                                                                                                 | regs/number_reg[13]_C                                                                                                    |                1 |              1 |
|  regs/number_reg[1]_P                        |                                                                                                                 | regs/number_reg[1]_C                                                                                                     |                1 |              1 |
|  regs/number_reg[20]_P                       |                                                                                                                 | regs/number_reg[20]_C                                                                                                    |                1 |              1 |
|  regs/number_reg[21]_P                       |                                                                                                                 | regs/number_reg[21]_C                                                                                                    |                1 |              1 |
|  regs/number_reg[22]_P                       |                                                                                                                 | regs/number_reg[22]_C                                                                                                    |                1 |              1 |
|  regs/number_reg[17]_P                       |                                                                                                                 | regs/number_reg[17]_C                                                                                                    |                1 |              1 |
|  regs/number_reg[18]_P                       |                                                                                                                 | regs/number_reg[18]_C                                                                                                    |                1 |              1 |
|  regs/number_reg[0]_P                        |                                                                                                                 | regs/number_reg[0]_C                                                                                                     |                1 |              1 |
|  regs/number_reg[24]_P                       |                                                                                                                 | regs/number_reg[24]_C                                                                                                    |                1 |              1 |
|  regs/number_reg[11]_P                       |                                                                                                                 | regs/number_reg[11]_C                                                                                                    |                1 |              1 |
|  regs/number_reg[4]_P                        |                                                                                                                 | regs/number_reg[4]_C                                                                                                     |                1 |              1 |
|  regs/number_reg[29]_P                       |                                                                                                                 | regs/number_reg[29]_C                                                                                                    |                1 |              1 |
|  regs/number_reg[2]_P                        |                                                                                                                 | regs/number_reg[2]_C                                                                                                     |                1 |              1 |
|  regs/number_reg[30]_P                       |                                                                                                                 | regs/number_reg[30]_C                                                                                                    |                1 |              1 |
|  regs/number_reg[9]_P                        |                                                                                                                 | regs/number_reg[9]_C                                                                                                     |                1 |              1 |
|  regs/number_reg[8]_P                        |                                                                                                                 | regs/number_reg[8]_C                                                                                                     |                1 |              1 |
|  regs/number_reg[27]_P                       |                                                                                                                 | regs/number_reg[27]_C                                                                                                    |                1 |              1 |
|  regs/number_reg[28]_P                       |                                                                                                                 | regs/number_reg[28]_C                                                                                                    |                1 |              1 |
|  regs/number_reg[31]_P                       |                                                                                                                 | regs/number_reg[31]_C                                                                                                    |                1 |              1 |
|  regs/number_reg[3]_P                        |                                                                                                                 | regs/number_reg[3]_C                                                                                                     |                1 |              1 |
|  regs/number_reg[7]_P                        |                                                                                                                 | regs/number_reg[7]_C                                                                                                     |                1 |              1 |
|  regs/number_reg[6]_P                        |                                                                                                                 | regs/number_reg[6]_C                                                                                                     |                1 |              1 |
|  regs/number_reg[5]_P                        |                                                                                                                 | regs/number_reg[5]_C                                                                                                     |                1 |              1 |
|  regs/number_reg[26]_P                       |                                                                                                                 | regs/number_reg[26]_C                                                                                                    |                1 |              1 |
|  right_IBUF_BUFG                             |                                                                                                                 | sys/read_pad/multiplier_reg[8]_LDC_i_2_n_0                                                                               |                1 |              1 |
|  right_IBUF_BUFG                             |                                                                                                                 | sys/read_pad/digit_reg[0]_LDC_i_2_n_0                                                                                    |                1 |              1 |
|  right_IBUF_BUFG                             |                                                                                                                 | sys/read_pad/digit_reg[1]_LDC_i_2_n_0                                                                                    |                1 |              1 |
|  right_IBUF_BUFG                             |                                                                                                                 | sys/read_pad/digit_reg[2]_LDC_i_2_n_0                                                                                    |                1 |              1 |
|  right_IBUF_BUFG                             |                                                                                                                 | sys/read_pad/digit_reg[3]_LDC_i_2_n_0                                                                                    |                1 |              1 |
|  right_IBUF_BUFG                             | sys/read_pad/multiplier[28]_C_i_1_n_0                                                                           | regs/multiplier_reg[0]_P                                                                                                 |                1 |              1 |
|  right_IBUF_BUFG                             | sys/read_pad/multiplier[28]_C_i_1_n_0                                                                           | sys/read_pad/multiplier_reg[10]_LDC_i_1_n_0                                                                              |                1 |              1 |
|  right_IBUF_BUFG                             | sys/read_pad/multiplier[28]_C_i_1_n_0                                                                           | sys/read_pad/multiplier_reg[11]_LDC_i_1_n_0                                                                              |                1 |              1 |
|  u/inst/upg_inst/rdStat_BUFG                 | u/inst/upg_inst/upg_wen_o2_out                                                                                  | reset_IBUF                                                                                                               |                1 |              1 |
|  right_IBUF_BUFG                             | sys/read_pad/multiplier[28]_C_i_1_n_0                                                                           | sys/read_pad/multiplier_reg[12]_LDC_i_1_n_0                                                                              |                1 |              1 |
|  right_IBUF_BUFG                             | sys/read_pad/multiplier[28]_C_i_1_n_0                                                                           | sys/read_pad/multiplier_reg[13]_LDC_i_1_n_0                                                                              |                1 |              1 |
|  right_IBUF_BUFG                             | sys/read_pad/multiplier[28]_C_i_1_n_0                                                                           | sys/read_pad/multiplier_reg[14]_LDC_i_1_n_0                                                                              |                1 |              1 |
|  right_IBUF_BUFG                             | sys/read_pad/multiplier[28]_C_i_1_n_0                                                                           | sys/read_pad/multiplier_reg[15]_LDC_i_1_n_0                                                                              |                1 |              1 |
|  right_IBUF_BUFG                             | sys/read_pad/multiplier[28]_C_i_1_n_0                                                                           | sys/read_pad/multiplier_reg[17]_LDC_i_1_n_0                                                                              |                1 |              1 |
|  right_IBUF_BUFG                             | sys/read_pad/multiplier[28]_C_i_1_n_0                                                                           | sys/read_pad/multiplier_reg[18]_LDC_i_1_n_0                                                                              |                1 |              1 |
|  right_IBUF_BUFG                             | sys/read_pad/multiplier[28]_C_i_1_n_0                                                                           | sys/read_pad/multiplier_reg[16]_LDC_i_1_n_0                                                                              |                1 |              1 |
|  right_IBUF_BUFG                             | sys/read_pad/multiplier[28]_C_i_1_n_0                                                                           | sys/read_pad/multiplier_reg[21]_LDC_i_1_n_0                                                                              |                1 |              1 |
|  right_IBUF_BUFG                             | sys/read_pad/multiplier[28]_C_i_1_n_0                                                                           | sys/read_pad/multiplier_reg[1]_LDC_i_1_n_0                                                                               |                1 |              1 |
|  right_IBUF_BUFG                             | sys/read_pad/multiplier[28]_C_i_1_n_0                                                                           | sys/read_pad/multiplier_reg[20]_LDC_i_1_n_0                                                                              |                1 |              1 |
|  right_IBUF_BUFG                             | sys/read_pad/multiplier[28]_C_i_1_n_0                                                                           | sys/read_pad/multiplier_reg[19]_LDC_i_1_n_0                                                                              |                1 |              1 |
|  right_IBUF_BUFG                             | sys/read_pad/multiplier[28]_C_i_1_n_0                                                                           | sys/read_pad/multiplier_reg[22]_LDC_i_1_n_0                                                                              |                1 |              1 |
|  right_IBUF_BUFG                             | sys/read_pad/multiplier[28]_C_i_1_n_0                                                                           | sys/read_pad/multiplier_reg[23]_LDC_i_1_n_0                                                                              |                1 |              1 |
|  right_IBUF_BUFG                             | sys/read_pad/multiplier[28]_C_i_1_n_0                                                                           | sys/read_pad/multiplier_reg[2]_LDC_i_1_n_0                                                                               |                1 |              1 |
|  right_IBUF_BUFG                             | sys/read_pad/multiplier[28]_C_i_1_n_0                                                                           | sys/read_pad/multiplier_reg[3]_LDC_i_1_n_0                                                                               |                1 |              1 |
|  right_IBUF_BUFG                             | sys/read_pad/multiplier[28]_C_i_1_n_0                                                                           | sys/read_pad/multiplier_reg[4]_LDC_i_1_n_0                                                                               |                1 |              1 |
|  right_IBUF_BUFG                             | sys/read_pad/multiplier[28]_C_i_1_n_0                                                                           | sys/read_pad/multiplier_reg[5]_LDC_i_1_n_0                                                                               |                1 |              1 |
|  right_IBUF_BUFG                             | sys/read_pad/multiplier[28]_C_i_1_n_0                                                                           | sys/read_pad/multiplier_reg[6]_LDC_i_1_n_0                                                                               |                1 |              1 |
|  right_IBUF_BUFG                             | sys/read_pad/multiplier[28]_C_i_1_n_0                                                                           | sys/read_pad/multiplier_reg[9]_LDC_i_1_n_0                                                                               |                1 |              1 |
|  right_IBUF_BUFG                             | sys/read_pad/multiplier[28]_C_i_1_n_0                                                                           | sys/read_pad/multiplier_reg[7]_LDC_i_1_n_0                                                                               |                1 |              1 |
|  right_IBUF_BUFG                             | sys/read_pad/multiplier[28]_C_i_1_n_0                                                                           | sys/read_pad/multiplier_reg[8]_LDC_i_1_n_0                                                                               |                1 |              1 |
|  u/inst/upg_inst/upg_clk_i_IBUF_BUFG         | u/inst/upg_inst/upg_done_o_i_1_n_0                                                                              | reset_IBUF                                                                                                               |                1 |              1 |
|  right_IBUF_BUFG                             | sys/read_pad/multiplier[28]_C_i_1_n_0                                                                           | sys/read_pad/digit_reg[0]_LDC_i_1_n_0                                                                                    |                1 |              1 |
|  right_IBUF_BUFG                             | sys/read_pad/multiplier[28]_C_i_1_n_0                                                                           | sys/read_pad/digit_reg[1]_LDC_i_1_n_0                                                                                    |                1 |              1 |
|  right_IBUF_BUFG                             | sys/read_pad/multiplier[28]_C_i_1_n_0                                                                           | sys/read_pad/digit_reg[3]_LDC_i_1_n_0                                                                                    |                1 |              1 |
|  right_IBUF_BUFG                             | sys/read_pad/multiplier[28]_C_i_1_n_0                                                                           | sys/read_pad/digit_reg[2]_LDC_i_1_n_0                                                                                    |                1 |              1 |
|  sys/read_pad/multiplier_reg[10]_LDC_i_1_n_0 |                                                                                                                 | sys/read_pad/multiplier_reg[10]_LDC_i_2_n_0                                                                              |                1 |              1 |
|  sys/read_pad/multiplier_reg[11]_LDC_i_1_n_0 |                                                                                                                 | sys/read_pad/multiplier_reg[11]_LDC_i_2_n_0                                                                              |                1 |              1 |
|  sys/read_pad/multiplier_reg[12]_LDC_i_1_n_0 |                                                                                                                 | sys/read_pad/multiplier_reg[12]_LDC_i_2_n_0                                                                              |                1 |              1 |
|  sys/read_pad/multiplier_reg[13]_LDC_i_1_n_0 |                                                                                                                 | sys/read_pad/multiplier_reg[13]_LDC_i_2_n_0                                                                              |                1 |              1 |
|  sys/read_pad/multiplier_reg[14]_LDC_i_1_n_0 |                                                                                                                 | sys/read_pad/multiplier_reg[14]_LDC_i_2_n_0                                                                              |                1 |              1 |
|  sys/read_pad/multiplier_reg[15]_LDC_i_1_n_0 |                                                                                                                 | sys/read_pad/multiplier_reg[15]_LDC_i_2_n_0                                                                              |                1 |              1 |
|  sys/read_pad/multiplier_reg[17]_LDC_i_1_n_0 |                                                                                                                 | sys/read_pad/multiplier_reg[17]_LDC_i_2_n_0                                                                              |                1 |              1 |
|  sys/read_pad/multiplier_reg[18]_LDC_i_1_n_0 |                                                                                                                 | sys/read_pad/multiplier_reg[18]_LDC_i_2_n_0                                                                              |                1 |              1 |
|  sys/read_pad/multiplier_reg[16]_LDC_i_1_n_0 |                                                                                                                 | sys/read_pad/multiplier_reg[16]_LDC_i_2_n_0                                                                              |                1 |              1 |
|  sys/read_pad/multiplier_reg[21]_LDC_i_1_n_0 |                                                                                                                 | sys/read_pad/multiplier_reg[21]_LDC_i_2_n_0                                                                              |                1 |              1 |
|  sys/read_pad/multiplier_reg[1]_LDC_i_1_n_0  |                                                                                                                 | sys/read_pad/multiplier_reg[1]_LDC_i_2_n_0                                                                               |                1 |              1 |
|  sys/read_pad/multiplier_reg[20]_LDC_i_1_n_0 |                                                                                                                 | sys/read_pad/multiplier_reg[20]_LDC_i_2_n_0                                                                              |                1 |              1 |
|  sys/read_pad/multiplier_reg[19]_LDC_i_1_n_0 |                                                                                                                 | sys/read_pad/multiplier_reg[19]_LDC_i_2_n_0                                                                              |                1 |              1 |
|  sys/read_pad/multiplier_reg[22]_LDC_i_1_n_0 |                                                                                                                 | sys/read_pad/multiplier_reg[22]_LDC_i_2_n_0                                                                              |                1 |              1 |
|  sys/read_pad/multiplier_reg[23]_LDC_i_1_n_0 |                                                                                                                 | sys/read_pad/multiplier_reg[23]_LDC_i_2_n_0                                                                              |                1 |              1 |
|  sys/read_pad/multiplier_reg[2]_LDC_i_1_n_0  |                                                                                                                 | sys/read_pad/multiplier_reg[2]_LDC_i_2_n_0                                                                               |                1 |              1 |
|  sys/read_pad/multiplier_reg[3]_LDC_i_1_n_0  |                                                                                                                 | sys/read_pad/multiplier_reg[3]_LDC_i_2_n_0                                                                               |                1 |              1 |
|  sys/read_pad/multiplier_reg[4]_LDC_i_1_n_0  |                                                                                                                 | sys/read_pad/multiplier_reg[4]_LDC_i_2_n_0                                                                               |                1 |              1 |
|  sys/read_pad/multiplier_reg[5]_LDC_i_1_n_0  |                                                                                                                 | sys/read_pad/multiplier_reg[5]_LDC_i_2_n_0                                                                               |                1 |              1 |
|  sys/read_pad/multiplier_reg[6]_LDC_i_1_n_0  |                                                                                                                 | sys/read_pad/multiplier_reg[6]_LDC_i_2_n_0                                                                               |                1 |              1 |
|  sys/read_pad/multiplier_reg[9]_LDC_i_1_n_0  |                                                                                                                 | sys/read_pad/multiplier_reg[9]_LDC_i_2_n_0                                                                               |                1 |              1 |
|  sys/read_pad/multiplier_reg[7]_LDC_i_1_n_0  |                                                                                                                 | sys/read_pad/multiplier_reg[7]_LDC_i_2_n_0                                                                               |                1 |              1 |
|  sys/read_pad/multiplier_reg[8]_LDC_i_1_n_0  |                                                                                                                 | sys/read_pad/multiplier_reg[8]_LDC_i_2_n_0                                                                               |                1 |              1 |
|  sys/read_pad/digit_reg[0]_LDC_i_1_n_0       |                                                                                                                 | sys/read_pad/digit_reg[0]_LDC_i_2_n_0                                                                                    |                1 |              1 |
|  sys/read_pad/digit_reg[1]_LDC_i_1_n_0       |                                                                                                                 | sys/read_pad/digit_reg[1]_LDC_i_2_n_0                                                                                    |                1 |              1 |
|  sys/read_pad/digit_reg[3]_LDC_i_1_n_0       |                                                                                                                 | sys/read_pad/digit_reg[3]_LDC_i_2_n_0                                                                                    |                1 |              1 |
|  sys/read_pad/digit_reg[2]_LDC_i_1_n_0       |                                                                                                                 | sys/read_pad/digit_reg[2]_LDC_i_2_n_0                                                                                    |                1 |              1 |
|  right_IBUF_BUFG                             |                                                                                                                 | regs/number_reg[25]_P                                                                                                    |                1 |              1 |
|  right_IBUF_BUFG                             |                                                                                                                 | regs/number_reg[22]_C                                                                                                    |                1 |              1 |
|  right_IBUF_BUFG                             |                                                                                                                 | regs/number_reg[19]_C                                                                                                    |                1 |              1 |
|  right_IBUF_BUFG                             |                                                                                                                 | regs/number_reg[14]_P                                                                                                    |                1 |              1 |
|  right_IBUF_BUFG                             |                                                                                                                 | regs/number_reg[12]_P                                                                                                    |                1 |              1 |
|  right_IBUF_BUFG                             |                                                                                                                 | regs/number_reg[10]_P                                                                                                    |                1 |              1 |
|  right_IBUF_BUFG                             |                                                                                                                 | regs/number_reg[11]_C                                                                                                    |                1 |              1 |
|  right_IBUF_BUFG                             |                                                                                                                 | regs/number_reg[18]_C                                                                                                    |                1 |              1 |
|  right_IBUF_BUFG                             |                                                                                                                 | regs/number_reg[13]_C                                                                                                    |                1 |              1 |
|  right_IBUF_BUFG                             |                                                                                                                 | regs/number_reg[19]_P                                                                                                    |                1 |              1 |
|  right_IBUF_BUFG                             |                                                                                                                 | regs/number_reg[10]_C                                                                                                    |                1 |              1 |
|  right_IBUF_BUFG                             |                                                                                                                 | regs/number_reg[15]_P                                                                                                    |                1 |              1 |
|  right_IBUF_BUFG                             |                                                                                                                 | regs/number_reg[16]_P                                                                                                    |                1 |              1 |
|  right_IBUF_BUFG                             |                                                                                                                 | regs/number_reg[20]_C                                                                                                    |                1 |              1 |
|  right_IBUF_BUFG                             |                                                                                                                 | regs/number_reg[23]_C                                                                                                    |                1 |              1 |
|  right_IBUF_BUFG                             |                                                                                                                 | regs/number_reg[23]_P                                                                                                    |                1 |              1 |
|  right_IBUF_BUFG                             |                                                                                                                 | regs/number_reg[12]_C                                                                                                    |                1 |              1 |
|  right_IBUF_BUFG                             |                                                                                                                 | regs/number_reg[14]_C                                                                                                    |                1 |              1 |
|  right_IBUF_BUFG                             |                                                                                                                 | regs/number_reg[0]_C                                                                                                     |                1 |              1 |
|  right_IBUF_BUFG                             |                                                                                                                 | regs/number_reg[13]_P                                                                                                    |                1 |              1 |
|  right_IBUF_BUFG                             |                                                                                                                 | regs/number_reg[1]_P                                                                                                     |                1 |              1 |
|  right_IBUF_BUFG                             |                                                                                                                 | regs/number_reg[20]_P                                                                                                    |                1 |              1 |
|  right_IBUF_BUFG                             |                                                                                                                 | regs/number_reg[17]_C                                                                                                    |                1 |              1 |
|  right_IBUF_BUFG                             |                                                                                                                 | regs/number_reg[1]_C                                                                                                     |                1 |              1 |
|  right_IBUF_BUFG                             |                                                                                                                 | regs/number_reg[21]_P                                                                                                    |                1 |              1 |
|  right_IBUF_BUFG                             |                                                                                                                 | regs/number_reg[22]_P                                                                                                    |                1 |              1 |
|  right_IBUF_BUFG                             |                                                                                                                 | regs/number_reg[17]_P                                                                                                    |                1 |              1 |
|  right_IBUF_BUFG                             |                                                                                                                 | regs/number_reg[18]_P                                                                                                    |                1 |              1 |
|  right_IBUF_BUFG                             |                                                                                                                 | regs/number_reg[24]_C                                                                                                    |                1 |              1 |
|  right_IBUF_BUFG                             |                                                                                                                 | regs/number_reg[21]_C                                                                                                    |                1 |              1 |
|  right_IBUF_BUFG                             |                                                                                                                 | regs/number_reg[16]_C                                                                                                    |                1 |              1 |
|  right_IBUF_BUFG                             |                                                                                                                 | regs/number_reg[0]_P                                                                                                     |                1 |              1 |
|  right_IBUF_BUFG                             |                                                                                                                 | regs/number_reg[15]_C                                                                                                    |                1 |              1 |
|  right_IBUF_BUFG                             |                                                                                                                 | regs/number_reg[24]_P                                                                                                    |                1 |              1 |
|  right_IBUF_BUFG                             |                                                                                                                 | regs/number_reg[11]_P                                                                                                    |                1 |              1 |
|  right_IBUF_BUFG                             |                                                                                                                 | regs/number_reg[25]_C                                                                                                    |                1 |              1 |
|  right_IBUF_BUFG                             |                                                                                                                 | regs/number_reg[28]_C                                                                                                    |                1 |              1 |
|  right_IBUF_BUFG                             |                                                                                                                 | regs/number_reg[6]_C                                                                                                     |                1 |              1 |
|  right_IBUF_BUFG                             |                                                                                                                 | regs/number_reg[4]_P                                                                                                     |                1 |              1 |
|  right_IBUF_BUFG                             |                                                                                                                 | regs/number_reg[29]_P                                                                                                    |                1 |              1 |
|  right_IBUF_BUFG                             |                                                                                                                 | regs/number_reg[9]_C                                                                                                     |                1 |              1 |
|  right_IBUF_BUFG                             |                                                                                                                 | regs/number_reg[3]_C                                                                                                     |                1 |              1 |
|  right_IBUF_BUFG                             |                                                                                                                 | regs/number_reg[7]_C                                                                                                     |                1 |              1 |
|  right_IBUF_BUFG                             |                                                                                                                 | regs/number_reg[4]_C                                                                                                     |                1 |              1 |
|  right_IBUF_BUFG                             |                                                                                                                 | regs/number_reg[2]_P                                                                                                     |                1 |              1 |
|  right_IBUF_BUFG                             |                                                                                                                 | regs/number_reg[30]_P                                                                                                    |                1 |              1 |
|  right_IBUF_BUFG                             |                                                                                                                 | regs/number_reg[9]_P                                                                                                     |                1 |              1 |
|  right_IBUF_BUFG                             |                                                                                                                 | regs/number_reg[26]_C                                                                                                    |                1 |              1 |
|  right_IBUF_BUFG                             |                                                                                                                 | regs/number_reg[5]_C                                                                                                     |                1 |              1 |
|  right_IBUF_BUFG                             |                                                                                                                 | regs/number_reg[31]_C                                                                                                    |                1 |              1 |
|  right_IBUF_BUFG                             |                                                                                                                 | regs/number_reg[8]_C                                                                                                     |                1 |              1 |
|  right_IBUF_BUFG                             |                                                                                                                 | regs/number_reg[8]_P                                                                                                     |                1 |              1 |
|  right_IBUF_BUFG                             |                                                                                                                 | regs/number_reg[27]_C                                                                                                    |                1 |              1 |
|  right_IBUF_BUFG                             |                                                                                                                 | regs/number_reg[27]_P                                                                                                    |                1 |              1 |
|  right_IBUF_BUFG                             |                                                                                                                 | regs/number_reg[28]_P                                                                                                    |                1 |              1 |
|  right_IBUF_BUFG                             |                                                                                                                 | regs/number_reg[30]_C                                                                                                    |                1 |              1 |
|  right_IBUF_BUFG                             |                                                                                                                 | regs/number_reg[31]_P                                                                                                    |                1 |              1 |
|  right_IBUF_BUFG                             |                                                                                                                 | regs/number_reg[2]_C                                                                                                     |                1 |              1 |
|  right_IBUF_BUFG                             |                                                                                                                 | regs/number_reg[29]_C                                                                                                    |                1 |              1 |
|  right_IBUF_BUFG                             |                                                                                                                 | regs/number_reg[3]_P                                                                                                     |                1 |              1 |
|  right_IBUF_BUFG                             |                                                                                                                 | regs/number_reg[7]_P                                                                                                     |                1 |              1 |
|  right_IBUF_BUFG                             |                                                                                                                 | regs/number_reg[6]_P                                                                                                     |                1 |              1 |
|  right_IBUF_BUFG                             |                                                                                                                 | regs/number_reg[5]_P                                                                                                     |                1 |              1 |
|  right_IBUF_BUFG                             |                                                                                                                 | regs/number_reg[26]_P                                                                                                    |                1 |              1 |
|  right_IBUF_BUFG                             |                                                                                                                 | sys/read_pad/multiplier_reg[10]_LDC_i_2_n_0                                                                              |                1 |              1 |
|  right_IBUF_BUFG                             |                                                                                                                 | sys/read_pad/multiplier_reg[0]_LDC_i_2_n_0                                                                               |                1 |              1 |
|  right_IBUF_BUFG                             |                                                                                                                 | sys/read_pad/multiplier_reg[11]_LDC_i_2_n_0                                                                              |                1 |              1 |
|  right_IBUF_BUFG                             |                                                                                                                 | sys/read_pad/multiplier_reg[12]_LDC_i_2_n_0                                                                              |                1 |              1 |
|  right_IBUF_BUFG                             |                                                                                                                 | sys/read_pad/multiplier_reg[13]_LDC_i_2_n_0                                                                              |                1 |              1 |
|  right_IBUF_BUFG                             |                                                                                                                 | sys/read_pad/multiplier_reg[14]_LDC_i_2_n_0                                                                              |                1 |              1 |
|  right_IBUF_BUFG                             |                                                                                                                 | sys/read_pad/multiplier_reg[15]_LDC_i_2_n_0                                                                              |                1 |              1 |
|  right_IBUF_BUFG                             |                                                                                                                 | sys/read_pad/multiplier_reg[16]_LDC_i_2_n_0                                                                              |                1 |              1 |
|  right_IBUF_BUFG                             |                                                                                                                 | sys/read_pad/multiplier_reg[17]_LDC_i_2_n_0                                                                              |                1 |              1 |
|  right_IBUF_BUFG                             |                                                                                                                 | sys/read_pad/multiplier_reg[18]_LDC_i_2_n_0                                                                              |                1 |              1 |
|  right_IBUF_BUFG                             |                                                                                                                 | sys/read_pad/multiplier_reg[22]_LDC_i_2_n_0                                                                              |                1 |              1 |
|  right_IBUF_BUFG                             |                                                                                                                 | sys/read_pad/multiplier_reg[21]_LDC_i_2_n_0                                                                              |                1 |              1 |
|  right_IBUF_BUFG                             |                                                                                                                 | sys/read_pad/multiplier_reg[19]_LDC_i_2_n_0                                                                              |                1 |              1 |
|  right_IBUF_BUFG                             |                                                                                                                 | sys/read_pad/multiplier_reg[20]_LDC_i_2_n_0                                                                              |                1 |              1 |
|  right_IBUF_BUFG                             |                                                                                                                 | sys/read_pad/multiplier_reg[1]_LDC_i_2_n_0                                                                               |                1 |              1 |
|  right_IBUF_BUFG                             |                                                                                                                 | sys/read_pad/multiplier_reg[23]_LDC_i_2_n_0                                                                              |                1 |              1 |
|  right_IBUF_BUFG                             |                                                                                                                 | sys/read_pad/multiplier_reg[2]_LDC_i_2_n_0                                                                               |                1 |              1 |
|  right_IBUF_BUFG                             |                                                                                                                 | sys/read_pad/multiplier_reg[3]_LDC_i_2_n_0                                                                               |                1 |              1 |
|  right_IBUF_BUFG                             |                                                                                                                 | sys/read_pad/multiplier_reg[6]_LDC_i_2_n_0                                                                               |                1 |              1 |
|  right_IBUF_BUFG                             |                                                                                                                 | sys/read_pad/multiplier_reg[4]_LDC_i_2_n_0                                                                               |                1 |              1 |
|  right_IBUF_BUFG                             |                                                                                                                 | sys/read_pad/multiplier_reg[5]_LDC_i_2_n_0                                                                               |                1 |              1 |
|  right_IBUF_BUFG                             |                                                                                                                 | sys/read_pad/multiplier_reg[9]_LDC_i_2_n_0                                                                               |                1 |              1 |
|  right_IBUF_BUFG                             |                                                                                                                 | sys/read_pad/multiplier_reg[7]_LDC_i_2_n_0                                                                               |                1 |              1 |
|  u/inst/upg_inst/rdStat_BUFG                 |                                                                                                                 | reset_IBUF                                                                                                               |                2 |              2 |
|  u/inst/upg_inst/upg_clk_i_IBUF_BUFG         | u/inst/upg_inst/s_axi_wdata                                                                                     |                                                                                                                          |                1 |              3 |
|  inst_mem/clka_BUFG                          |                                                                                                                 |                                                                                                                          |                1 |              4 |
|  inst_mem/inst_mem_i_1_n_0                   |                                                                                                                 |                                                                                                                          |                1 |              4 |
|  u/inst/upg_inst/upg_clk_i_IBUF_BUFG         | u/inst/upg_inst/s_axi_wdata                                                                                     | u/inst/upg_inst/s_axi_wdata[6]_i_1_n_0                                                                                   |                2 |              4 |
|  u/inst/upg_inst/upg_clk_i_IBUF_BUFG         | u/inst/upg_inst/axi_uart_inst/U0/AXI_LITE_IPIF_I/I_SLAVE_ATTACHMENT/start2                                      | u/inst/upg_inst/axi_uart_inst/U0/AXI_LITE_IPIF_I/I_SLAVE_ATTACHMENT/I_DECODER/cs_ce_clr                                  |                1 |              4 |
|  u/inst/upg_inst/upg_clk_i_IBUF_BUFG         | u/inst/upg_inst/axi_uart_inst/U0/UARTLITE_CORE_I/BAUD_RATE_I/en_16x_Baud                                        |                                                                                                                          |                4 |              4 |
|  right_IBUF_BUFG                             | sys/read_pad/multiplier[28]_C_i_1_n_0                                                                           | sys/read_pad/multiplier[28]_C_i_3_n_0                                                                                    |                2 |              5 |
|  ctrl_cpu_clk_BUFG                           |                                                                                                                 |                                                                                                                          |                4 |              5 |
|  u/inst/upg_inst/upg_clk_i_IBUF_BUFG         |                                                                                                                 | u/inst/upg_inst/axi_uart_inst/U0/UARTLITE_CORE_I/UARTLITE_RX_I/SRL_FIFO_I/I_SRL_FIFO_RBU_F/CNTR_INCR_DECR_ADDN_F_I/SS[0] |                2 |              6 |
|  u/inst/upg_inst/upg_clk_i_IBUF_BUFG         |                                                                                                                 | u/inst/upg_inst/axi_uart_inst/U0/UARTLITE_CORE_I/UARTLITE_TX_I/SRL_FIFO_I/I_SRL_FIFO_RBU_F/CNTR_INCR_DECR_ADDN_F_I/SS[0] |                2 |              6 |
|  u/inst/upg_inst/upg_clk_i_IBUF_BUFG         | u/inst/upg_inst/axi_uart_inst/U0/AXI_LITE_IPIF_I/I_SLAVE_ATTACHMENT/I_DECODER/fifo_wr                           |                                                                                                                          |                1 |              7 |
|  u/inst/upg_inst/rdStat_BUFG                 | u/inst/upg_inst/s_axi_aresetn0                                                                                  | reset_IBUF                                                                                                               |                7 |              8 |
|  u/inst/upg_inst/upg_clk_i_IBUF_BUFG         | u/inst/upg_inst/axi_uart_inst/U0/AXI_LITE_IPIF_I/I_SLAVE_ATTACHMENT/s_axi_rdata_i                               | u/inst/upg_inst/axi_uart_inst/U0/AXI_LITE_IPIF_I/I_SLAVE_ATTACHMENT/rst                                                  |                3 |              8 |
|  u/inst/upg_inst/upg_clk_i_IBUF_BUFG         |                                                                                                                 | u/inst/upg_inst/axi_uart_inst/U0/AXI_LITE_IPIF_I/I_SLAVE_ATTACHMENT/rst                                                  |                3 |              8 |
|  u/inst/upg_inst/upg_clk_i_IBUF_BUFG         | u/inst/upg_inst/axi_uart_inst/U0/UARTLITE_CORE_I/UARTLITE_RX_I/SRL_FIFO_I/I_SRL_FIFO_RBU_F/DYNSHREG_F_I/fifo_wr |                                                                                                                          |                1 |              8 |
|  u/inst/upg_inst/upg_clk_i_IBUF_BUFG         | u/inst/upg_inst/msg_indx[7]_i_1_n_0                                                                             | reset_IBUF                                                                                                               |                3 |              8 |
|  u/inst/upg_inst/upg_clk_i_IBUF_BUFG         | u/inst/upg_inst/uart_rdat                                                                                       |                                                                                                                          |                2 |              8 |
|  u/inst/upg_inst/rdStat_BUFG                 | u/inst/upg_inst/byte_len[7]_i_1_n_0                                                                             | reset_IBUF                                                                                                               |                2 |              9 |
|  u/inst/upg_inst/upg_clk_i_IBUF_BUFG         | u/inst/upg_inst/axi_uart_inst/U0/UARTLITE_CORE_I/BAUD_RATE_I/en_16x_Baud                                        | reset_IBUF                                                                                                               |                2 |             10 |
|  u/inst/upg_inst/upg_clk_i_IBUF_BUFG         | u/inst/upg_inst/wwait_cnt[15]_i_1_n_0                                                                           | reset_IBUF                                                                                                               |                5 |             16 |
|  u/inst/upg_inst/upg_clk_i_IBUF_BUFG         | u/inst/upg_inst/rwait_cnt[15]_i_1_n_0                                                                           | reset_IBUF                                                                                                               |                5 |             16 |
|  u/inst/upg_inst/upg_clk_i_IBUF_BUFG         |                                                                                                                 |                                                                                                                          |                7 |             20 |
|  clk_adj/inst/cpu_clk                        |                                                                                                                 |                                                                                                                          |               21 |             29 |
|  ctrl_cpu_clk_BUFG                           | inst_mem/data_reg[29][30]_1                                                                                     | inst_mem/data_reg[29][30]                                                                                                |               12 |             29 |
|  clk_adj/inst/cpu_clk                        | sys/pc_reg[2]                                                                                                   | reset_IBUF                                                                                                               |               11 |             30 |
|  ctrl_cpu_clk_BUFG                           | inst_mem/data_reg[28][31]_0                                                                                     | inst_mem/data_reg[28][0]                                                                                                 |               12 |             30 |
|  ctrl_cpu_clk_BUFG                           | inst_mem/data_reg[30][31]_0                                                                                     | inst_mem/data_reg[30][31]                                                                                                |               15 |             32 |
|  ctrl_cpu_clk_BUFG                           | inst_mem/data_reg[31][31]                                                                                       | inst_mem/data_reg[31][0]                                                                                                 |               19 |             32 |
|  ctrl_cpu_clk_BUFG                           | inst_mem/data_reg[3][31]                                                                                        | inst_mem/data_reg[3][0]                                                                                                  |               16 |             32 |
|  clk_adj/inst/cpu_clk                        |                                                                                                                 | sys/clear                                                                                                                |                8 |             32 |
|  clk_adj/inst/cpu_clk                        | regs/light_reg[31]                                                                                              | regs/light_reg[0]                                                                                                        |               10 |             32 |
|  ctrl_cpu_clk_BUFG                           | inst_mem/data_reg[9][31]                                                                                        | inst_mem/data_reg[9][0]                                                                                                  |               18 |             32 |
|  clk_adj/inst/cpu_clk                        | sys/block0                                                                                                      | reset_IBUF                                                                                                               |               15 |             32 |
|  calc_BUFG                                   | inst_mem/out_reg[31]_0[0]                                                                                       |                                                                                                                          |               29 |             32 |
|  ctrl_cpu_clk_BUFG                           | inst_mem/data_reg[10][31]_0                                                                                     | inst_mem/data_reg[10][31]                                                                                                |               18 |             32 |
|  ctrl_cpu_clk_BUFG                           | inst_mem/data_reg[11][31]                                                                                       | inst_mem/data_reg[11][0]                                                                                                 |               13 |             32 |
|  ctrl_cpu_clk_BUFG                           | inst_mem/data_reg[12][31]                                                                                       | inst_mem/data_reg[12][0]                                                                                                 |               14 |             32 |
|  ctrl_cpu_clk_BUFG                           | inst_mem/data_reg[0][31]                                                                                        | inst_mem/data_reg[0][0]                                                                                                  |               20 |             32 |
|  ctrl_cpu_clk_BUFG                           | inst_mem/data_reg[15][31]                                                                                       | inst_mem/data_reg[15][0]                                                                                                 |               11 |             32 |
|  ctrl_cpu_clk_BUFG                           | inst_mem/data_reg[14][31]_0                                                                                     | inst_mem/data_reg[14][31]                                                                                                |               15 |             32 |
|  ctrl_cpu_clk_BUFG                           | inst_mem/data_reg[13][31]_0                                                                                     | inst_mem/data_reg[13][0]                                                                                                 |               13 |             32 |
|  ctrl_cpu_clk_BUFG                           | inst_mem/data_reg[19][31]_0                                                                                     | inst_mem/data_reg[19][31]                                                                                                |               12 |             32 |
|  ctrl_cpu_clk_BUFG                           | inst_mem/data_reg[21][31]                                                                                       | inst_mem/data_reg[21][0]                                                                                                 |               10 |             32 |
|  ctrl_cpu_clk_BUFG                           | inst_mem/data_reg[16][31]_0                                                                                     | inst_mem/data_reg[16][0]                                                                                                 |               19 |             32 |
|  ctrl_cpu_clk_BUFG                           | inst_mem/data_reg[20][31]_0                                                                                     | inst_mem/data_reg[20][31]                                                                                                |               13 |             32 |
|  ctrl_cpu_clk_BUFG                           | inst_mem/data_reg[1][31]                                                                                        | inst_mem/data_reg[1][0]                                                                                                  |               12 |             32 |
|  ctrl_cpu_clk_BUFG                           | inst_mem/data_reg[17][31]                                                                                       | inst_mem/data_reg[17][0]                                                                                                 |               11 |             32 |
|  ctrl_cpu_clk_BUFG                           | inst_mem/data_reg[18][31]                                                                                       | inst_mem/data_reg[18][0]                                                                                                 |               10 |             32 |
|  ctrl_cpu_clk_BUFG                           | inst_mem/data_reg[22][31]_0                                                                                     | inst_mem/data_reg[22][0]                                                                                                 |               14 |             32 |
|  ctrl_cpu_clk_BUFG                           | inst_mem/data_reg[25][31]                                                                                       | inst_mem/data_reg[25][0]                                                                                                 |               14 |             32 |
|  ctrl_cpu_clk_BUFG                           | inst_mem/data_reg[26][31]                                                                                       | inst_mem/data_reg[26][0]                                                                                                 |               10 |             32 |
|  ctrl_cpu_clk_BUFG                           | inst_mem/data_reg[23][31]                                                                                       | inst_mem/data_reg[23][0]                                                                                                 |               13 |             32 |
|  ctrl_cpu_clk_BUFG                           | inst_mem/data_reg[27][31]                                                                                       | inst_mem/data_reg[27][0]                                                                                                 |               10 |             32 |
|  ctrl_cpu_clk_BUFG                           | inst_mem/data_reg[24][31]                                                                                       | inst_mem/data_reg[24][0]                                                                                                 |               16 |             32 |
|  ctrl_cpu_clk_BUFG                           | inst_mem/data_reg[8][31]_0                                                                                      | inst_mem/data_reg[8][0]                                                                                                  |               13 |             32 |
|  ctrl_cpu_clk_BUFG                           | inst_mem/data_reg[2][31]                                                                                        | inst_mem/data_reg[2][0]                                                                                                  |               12 |             32 |
|  ctrl_cpu_clk_BUFG                           | inst_mem/data_reg[5][31]                                                                                        | inst_mem/data_reg[5][0]                                                                                                  |               12 |             32 |
|  ctrl_cpu_clk_BUFG                           | inst_mem/data_reg[6][31]                                                                                        | inst_mem/data_reg[6][0]                                                                                                  |               14 |             32 |
|  ctrl_cpu_clk_BUFG                           | inst_mem/data_reg[4][31]                                                                                        | inst_mem/data_reg[4][0]                                                                                                  |               13 |             32 |
|  ctrl_cpu_clk_BUFG                           | inst_mem/data_reg[7][31]                                                                                        | inst_mem/data_reg[7][0]                                                                                                  |               16 |             32 |
|  clk_adj/inst/cpu_clk                        | inst_mem/E[0]                                                                                                   | reset_IBUF                                                                                                               |               16 |             33 |
|  u/inst/upg_inst/upg_clk_i_IBUF_BUFG         |                                                                                                                 | reset_IBUF                                                                                                               |               14 |             33 |
|  u/inst/upg_inst/rdStat_BUFG                 | u/inst/upg_inst/byte_num                                                                                        | reset_IBUF                                                                                                               |                9 |             36 |
|  u/inst/upg_inst/rdStat_BUFG                 | u/inst/upg_inst/upg_adr_o[14]_i_1_n_0                                                                           | reset_IBUF                                                                                                               |               19 |             47 |
|  u/inst/upg_inst/rdStat_BUFG                 | u/inst/upg_inst/wr_byte_num_done                                                                                | reset_IBUF                                                                                                               |               13 |             49 |
|  u/inst/upg_inst/rdStat_BUFG                 | u/inst/upg_inst/byte_cnt                                                                                        | reset_IBUF                                                                                                               |               19 |             56 |
|  clk_adj/inst/cpu_clk                        | regs/sleep_reg[0]_0                                                                                             | reset_IBUF                                                                                                               |               16 |             64 |
|  ctrl_cpu_clk_BUFG                           | inst_mem/read_data1_reg[0][0]                                                                                   |                                                                                                                          |               23 |             64 |
+----------------------------------------------+-----------------------------------------------------------------------------------------------------------------+--------------------------------------------------------------------------------------------------------------------------+------------------+----------------+


+--------+-----------------------+
| Fanout | Number of ControlSets |
+--------+-----------------------+
| 1      |                   182 |
| 2      |                     1 |
| 3      |                     1 |
| 4      |                     5 |
| 5      |                     2 |
| 6      |                     2 |
| 7      |                     1 |
| 8      |                     6 |
| 9      |                     1 |
| 10     |                     1 |
| 16+    |                    49 |
+--------+-----------------------+


